=== Verification Successful! Logic is sound. ===
